PASS
|  <!doctype html>
|  <html âš¡>
|  <head>
|    <meta charset="utf-8">
|    <title>amp-speechkit example</title>
|    <link rel="canonical" href="amps.html">
|    <meta name="viewport" content="width=device-width,minimum-scale=1,initial-scale=1">
|    <style amp-boilerplate>body{-webkit-animation:-amp-start 8s steps(1,end) 0s 1 normal both;-moz-animation:-amp-start 8s steps(1,end) 0s 1 normal both;-ms-animation:-amp-start 8s steps(1,end) 0s 1 normal both;animation:-amp-start 8s steps(1,end) 0s 1 normal both}@-webkit-keyframes -amp-start{from{visibility:hidden}to{visibility:visible}}@-moz-keyframes -amp-start{from{visibility:hidden}to{visibility:visible}}@-ms-keyframes -amp-start{from{visibility:hidden}to{visibility:visible}}@-o-keyframes -amp-start{from{visibility:hidden}to{visibility:visible}}@keyframes -amp-start{from{visibility:hidden}to{visibility:visible}}</style><noscript><style amp-boilerplate>body{-webkit-animation:none;-moz-animation:none;-ms-animation:none;animation:none}</style></noscript>
|    <style amp-custom>
|      amp-speechkit {
|        color: red;
|      }
|    </style>
|    <script async custom-element="amp-speechkit" src="https://cdn.ampproject.org/v0/amp-speechkit-0.1.js"></script>
|    <script async src="https://cdn.ampproject.org/v0.js"></script>
|  </head>
|  <body>
|    <!-- valid: classic mode -->
|    <amp-speechkit layout="fixed-height" height="40" data-projectid="6673" data-podcastid="534513"></amp-speechkit>
|    <!-- valid: classic mode with externalId -->
|    <amp-speechkit layout="fixed-height" height="40" data-projectid="6673" data-externalid="4d1b1380-a1fc-435a-9e7d-f3cd0e6b617f"></amp-speechkit>
|    <!-- valid: classic mode with articleUrl -->
|    <amp-speechkit layout="fixed-height" height="40" data-projectid="6673"
|                   data-articleurl="https://digiday.com/media/politics-publisher-canary-converting-text-articles-audio-find-new-audiences/"></amp-speechkit>
|  </body>
|  </html>